================================================================================
test for my program
================================================================================
this program Write a function that prints a square with the character #.
Here we show the possible cases
================================================================================
>>> print_square = __import__('4-print_square').print_square

Correct Usage:
>>> print_square(4)
####
####
####
####
>>> print_square(10)
##########
##########
##########
##########
##########
##########
##########
##########
##########
##########
>>> print_square(2)
##
##

On Errors:
>>> print_square(-6)
Traceback (most recent call last):
...
ValueError: size must be >= 0

>>> print_square(-1)
Traceback (most recent call last):
...
ValueError: size must be >= 0

>>> print_square(-9)
Traceback (most recent call last):
...
ValueError: size must be >= 0

>>> print_square(-6898)
Traceback (most recent call last):
...
ValueError: size must be >= 0

>>> print_square('s')
Traceback (most recent call last):
...
TypeError: size must be an integer


>>> print_square('thiago')
Traceback (most recent call last):
...
TypeError: size must be an integer

>>> print_square(10.3)
Traceback (most recent call last):
...
TypeError: size must be an integer

>>> print_square(3.3)
Traceback (most recent call last):
...
TypeError: size must be an integer

>>> print_square(0.3)
Traceback (most recent call last):
...
TypeError: size must be an integer
